Main.hx:5: Jeremy test
Main.hx:6: Jérémy test
Main.hx:7: 名 字 test
Main.hx:8: zя���� test abcdefghijk
Main.hx:9: ���� test abcdefghijk
Main.hx:10: zя test abcdefghijk
Main.hx:11: 😀 😀 test abcdefghijk
Main.hx:12: 😀 😀 zя���� test abcdefghijk
